
==============================================================================
[spectral_sw0_mw0] /resnick/home/kwei2/miniforge3/envs/emrdm/bin/python train_mirror_map.py --data_root /resnick/groups/CS156b/from_central/2026/SSSClassCSNerds/cs159/data --output_dir /resnick/groups/CS156b/from_central/2026/SSSClassCSNerds/cs159/runs/loss_ablations_best/vgg/spectral_sw0_mw0 --roi all --epochs 2 --batch_size 16 --lr 0.0002 --num_workers 8 --max_sigma 0.1 --seed 42 --log_every 200 --dis_weight 1 --style_weight 100 --sam_weight 0 --moment_weight 0 --fp16 --wandb --wandb_project cs159 --wandb_run_name ablation-spectral_sw0_mw0
==============================================================================

==============================================================================
[spectral_sw1_mw1] /resnick/home/kwei2/miniforge3/envs/emrdm/bin/python train_mirror_map.py --data_root /resnick/groups/CS156b/from_central/2026/SSSClassCSNerds/cs159/data --output_dir /resnick/groups/CS156b/from_central/2026/SSSClassCSNerds/cs159/runs/loss_ablations_best/spectral/spectral_sw1_mw1 --roi all --epochs 2 --batch_size 16 --lr 0.0002 --num_workers 8 --max_sigma 0.1 --seed 42 --log_every 200 --dis_weight 0 --style_weight 0 --sam_weight 1 --moment_weight 1 --fp16 --wandb --wandb_project cs159 --wandb_run_name ablation-spectral_sw1_mw1
==============================================================================
wandb: [wandb.login()] Loaded credentials for https://api.wandb.ai from /home/kwei2/.netrc.
wandb: Currently logged in as: kaywei (kaywei-test) to https://api.wandb.ai. Use `wandb login --relogin` to force relogin
wandb: setting up run 4idlysr0
wandb: Tracking run with wandb version 0.27.0
wandb: Run data is saved locally in /resnick/groups/CS156b/from_central/2026/SSSClassCSNerds/cs159/phase1_mirror_map/wandb/run-20260523_050547-4idlysr0
wandb: Run `wandb offline` to turn off syncing.
wandb: Syncing run ablation-spectral_sw1_mw1
wandb: ⭐️ View project at https://wandb.ai/kaywei-test/cs159
wandb: 🚀 View run at https://wandb.ai/kaywei-test/cs159/runs/4idlysr0
Using device: cuda
[SEN12MSCR] train: 27 patches from /resnick/groups/CS156b/from_central/2026/SSSClassCSNerds/cs159/data
[SEN12MSCR] val: 3 patches from /resnick/groups/CS156b/from_central/2026/SSSClassCSNerds/cs159/data
Ep 1/2 | step 0 | loss=4.3354 | cyc=1.5442 | constr=2.7904 | reg=0.7857 | psnr=4.44 | ssim=0.099 | t=8.9s
  Val loss: 2.9153  (best: inf)
  Saved checkpoint → /resnick/groups/CS156b/from_central/2026/SSSClassCSNerds/cs159/runs/loss_ablations_best/spectral/spectral_sw1_mw1/best.pt
Ep 2/2 | step 0 | loss=2.8243 | cyc=1.2802 | constr=1.5434 | reg=0.7130 | psnr=6.31 | ssim=0.070 | t=6.0s
wandb: updating run metadata
wandb: uploading wandb-summary.json
wandb: 
wandb: Run history:
wandb:    train/epoch ▁█
wandb: train/l_constr █▁
wandb:  train/l_cycle █▁
wandb:    train/l_reg █▁
wandb:     train/loss █▁
wandb:       train/lr ▁▁
wandb:      train/mae █▁
wandb:     train/psnr ▁█
wandb:      train/sam ▁█
wandb:     train/ssim █▁
wandb:             +9 ...
wandb: 
wandb: Run summary:
wandb:    train/epoch 2
wandb: train/l_constr 1.54338
wandb:  train/l_cycle 1.28019
wandb:    train/l_reg 0.71303
wandb:     train/loss 2.82428
wandb:       train/lr 0.0002
wandb:      train/mae 0.36592
wandb:     train/psnr 6.30798
wandb:      train/sam 0.717
wandb:     train/ssim 0.06973
wandb:             +9 ...
wandb: 
wandb: 🚀 View run ablation-spectral_sw1_mw1 at: https://wandb.ai/kaywei-test/cs159/runs/4idlysr0
wandb: ⭐️ View project at: https://wandb.ai/kaywei-test/cs159
wandb: Synced 5 W&B file(s), 0 media file(s), 0 artifact file(s) and 0 other file(s)
wandb: Find logs at: ./wandb/run-20260523_050547-4idlysr0/logs
  Val loss: 1.9143  (best: 2.9153)
  Saved checkpoint → /resnick/groups/CS156b/from_central/2026/SSSClassCSNerds/cs159/runs/loss_ablations_best/spectral/spectral_sw1_mw1/best.pt
  Saved checkpoint → /resnick/groups/CS156b/from_central/2026/SSSClassCSNerds/cs159/runs/loss_ablations_best/spectral/spectral_sw1_mw1/last.pt
Phase 1 training complete.
[spectral_sw1_mw1] ok

Wrote /resnick/groups/CS156b/from_central/2026/SSSClassCSNerds/cs159/runs/loss_ablations_best/spectral/ablation_summary.csv

Ablation summary (sorted by val_loss):
rank  config                 family      sam   mom   val_loss  val_psnr   val_sam  val_ssim  status
---------------------------------------------------------------------------------------------------
   1  spectral_sw1_mw1       custom        1     1     1.9143    9.5429    0.7596    0.0979  ok

Loss-ablation sweep complete.
wandb: [wandb.login()] Loaded credentials for https://api.wandb.ai from /home/kwei2/.netrc.
wandb: Currently logged in as: kaywei (kaywei-test) to https://api.wandb.ai. Use `wandb login --relogin` to force relogin
wandb: setting up run c98i0pwl
wandb: Tracking run with wandb version 0.27.0
wandb: Run data is saved locally in /resnick/groups/CS156b/from_central/2026/SSSClassCSNerds/cs159/phase1_mirror_map/wandb/run-20260523_050547-c98i0pwl
wandb: Run `wandb offline` to turn off syncing.
wandb: Syncing run ablation-spectral_sw0_mw0
wandb: ⭐️ View project at https://wandb.ai/kaywei-test/cs159
wandb: 🚀 View run at https://wandb.ai/kaywei-test/cs159/runs/c98i0pwl
Using device: cuda
[SEN12MSCR] train: 27 patches from /resnick/groups/CS156b/from_central/2026/SSSClassCSNerds/cs159/data
[SEN12MSCR] val: 3 patches from /resnick/groups/CS156b/from_central/2026/SSSClassCSNerds/cs159/data
Ep 1/2 | step 0 | loss=nan | cyc=1.5442 | constr=nan | reg=0.7857 | psnr=4.44 | ssim=0.099 | t=8.9s
  Val loss: 64745.6602  (best: inf)
  Saved checkpoint → /resnick/groups/CS156b/from_central/2026/SSSClassCSNerds/cs159/runs/loss_ablations_best/vgg/spectral_sw0_mw0/best.pt
Ep 2/2 | step 0 | loss=nan | cyc=1.5599 | constr=nan | reg=0.7863 | psnr=4.45 | ssim=0.096 | t=6.4s
wandb: updating run metadata
wandb: uploading output.log; uploading wandb-summary.json
wandb: 
wandb: Run history:
wandb:   train/epoch ▁█
wandb: train/l_cycle ▁█
wandb:   train/l_reg ▁█
wandb:      train/lr ▁▁
wandb:     train/mae █▁
wandb:    train/psnr ▁█
wandb:     train/sam ▁█
wandb:    train/ssim █▁
wandb: val/best_loss █▁
wandb:  val/l_constr █▁
wandb:            +9 ...
wandb: 
wandb: Run summary:
wandb:    train/epoch 2
wandb: train/l_constr nan
wandb:  train/l_cycle 1.55987
wandb:    train/l_reg 0.78635
wandb:     train/loss nan
wandb:       train/lr 0.0002
wandb:      train/mae 0.49211
wandb:     train/psnr 4.45495
wandb:      train/sam 0.55559
wandb:     train/ssim 0.09602
wandb:             +9 ...
wandb: 
wandb: 🚀 View run ablation-spectral_sw0_mw0 at: https://wandb.ai/kaywei-test/cs159/runs/c98i0pwl
wandb: ⭐️ View project at: https://wandb.ai/kaywei-test/cs159
wandb: Synced 5 W&B file(s), 0 media file(s), 0 artifact file(s) and 0 other file(s)
wandb: Find logs at: ./wandb/run-20260523_050547-c98i0pwl/logs
  Val loss: 64374.0156  (best: 64745.6602)
  Saved checkpoint → /resnick/groups/CS156b/from_central/2026/SSSClassCSNerds/cs159/runs/loss_ablations_best/vgg/spectral_sw0_mw0/best.pt
  Saved checkpoint → /resnick/groups/CS156b/from_central/2026/SSSClassCSNerds/cs159/runs/loss_ablations_best/vgg/spectral_sw0_mw0/last.pt
Phase 1 training complete.
[spectral_sw0_mw0] ok

Wrote /resnick/groups/CS156b/from_central/2026/SSSClassCSNerds/cs159/runs/loss_ablations_best/vgg/ablation_summary.csv

Ablation summary (sorted by val_loss):
rank  config                 family      sam   mom   val_loss  val_psnr   val_sam  val_ssim  status
---------------------------------------------------------------------------------------------------
   1  spectral_sw0_mw0       custom        0     0 64374.0156    4.6747    0.6175    0.1052  ok

Loss-ablation sweep complete.
